# Pytest Full Regression Raw Log (Recheck - Phase 2 A Deterministic Pilot)
BASE_CODE_COMMIT=200eb0f
EXECUTION_COMMAND=python -m pytest -q $(git ls-files 'tests/test_*.py') tests/test_latent_forecaster_pilot.py
DURATION=295.13s (0:04:55)
STATUS=PASSED
TOTAL_PASSED=665
WARNINGS=14
EXIT_CODE=0

============================== RAW PYTEST STDOUT ==============================
..................................................... [  7%]
..................................................... [ 15%]
..................................................... [ 23%]
..................................................... [ 31%]
..................................................... [ 39%]
..................................................... [ 47%]
..................................................... [ 55%]
..................................................... [ 63%]
..................................................... [ 71%]
..................................................... [ 79%]
..................................................... [ 87%]
..................................................... [ 95%]
.............................                         [100%]
===================== warnings summary ======================
tests/test_compile_roundtrip.py: 14 warnings
  /root/miniconda3/envs/seagent/lib/python3.12/site-packages/torch/jit/_script.py:362: DeprecationWarning: `torch.jit.script_method` is deprecated. Please switch to `torch.compile` or `torch.export`.
    warnings.warn(

-- Docs: https://docs.pytest.org/en/stable/how-to/capture-warnings.html
665 passed, 14 warnings in 295.13s (0:04:55)